[+] Containers:
 |- [+] Container: /Game/TopDown/Maps/TopDownMap
 |   |- [+] ActorDescs:
 |   |   |- Guid:0101778944D33459E45CDA84833D0C8E NativeClass:/Script/NavigationSystem.NavMeshBoundsVolume Name:NavMeshBoundsVolume_UAID_BCFCE71334B6C2A902_1659432107 Label:NavMeshBoundsVolume SpatiallyLoaded:false EditorBounds:IsValid=true, Min=(X=-199.000 Y=-777.000 Z=-106.755), Max=(X=4301.000 Y=4973.000 Z=268.755) RuntimeBounds:IsValid=true, Min=(X=-199.000 Y=-777.000 Z=-106.755), Max=(X=4301.000 Y=4973.000 Z=268.755) RuntimeGrid:None EditorOnly:false RuntimeOnly:false HLODRelevant:false ListedInSceneOutliner:true IsMainWorldOnly:false
 |   |   |- Guid:1742DF43475F097453197AA79C7473D9 NativeClass:/Script/Engine.SkyLight Name:SkyLight_1 Label:SkyLight SpatiallyLoaded:false EditorBounds:IsValid=true, Min=(X=0.000 Y=0.000 Z=690.000), Max=(X=0.000 Y=0.000 Z=690.000) RuntimeBounds:IsValid=true, Min=(X=0.000 Y=0.000 Z=690.000), Max=(X=0.000 Y=0.000 Z=690.000) RuntimeGrid:None EditorOnly:false RuntimeOnly:false HLODRelevant:false ListedInSceneOutliner:true IsMainWorldOnly:false FolderPath:Lighting FolderGuid:4C9334684BA61B42C769F799D2576455
 |   |   |- Guid:1F33422345DD9E8B2AE9D7B698129AB2 BaseClass:/Game/TopDown/Blueprints/BP_EnemySpawner.BP_EnemySpawner_C NativeClass:/Script/Engine.Actor Name:BP_EnemySpawner_C_UAID_BCFCE71334B6FDA902_1472023487 Label:BP_EnemySpawner SpatiallyLoaded:true EditorBounds:IsValid=true, Min=(X=3478.000 Y=1276.000 Z=137.000), Max=(X=3478.000 Y=1276.000 Z=137.000) RuntimeBounds:IsValid=true, Min=(X=3478.000 Y=1276.000 Z=137.000), Max=(X=3478.000 Y=1276.000 Z=137.000) RuntimeGrid:None EditorOnly:false RuntimeOnly:false HLODRelevant:false ListedInSceneOutliner:true IsMainWorldOnly:false
 |   |   |- Guid:1FEC8FAC495CEF0CE32492ADCBB96BAE NativeClass:/Script/AIModule.NavLinkProxy Name:NavLinkProxy_3 Label:NavLinkProxy3 SpatiallyLoaded:true EditorBounds:IsValid=true, Min=(X=2240.000 Y=1030.000 Z=90.000), Max=(X=2240.000 Y=1030.000 Z=90.000) RuntimeBounds:IsValid=true, Min=(X=2240.000 Y=1030.000 Z=90.000), Max=(X=2240.000 Y=1030.000 Z=90.000) RuntimeGrid:None EditorOnly:false RuntimeOnly:false HLODRelevant:false ListedInSceneOutliner:true IsMainWorldOnly:false FolderPath:Navigation FolderGuid:AE45D61F453CC144CF8289862C276E89
 |   |   |- Guid:22153AA1468220F2C2A131A37D65BA9E BaseClass:/Game/TopDown/Blueprints/BP_Zombie.BP_Zombie_C NativeClass:/Script/Engine.Character Name:BP_Zombie_C_UAID_BCFCE71334B6B8A902_1839090343 Label:BP_Zombie SpatiallyLoaded:true EditorBounds:IsValid=true, Min=(X=439.039 Y=1917.058 Z=162.127), Max=(X=713.039 Y=2077.058 Z=338.127) RuntimeBounds:IsValid=true, Min=(X=439.039 Y=1942.780 Z=162.127), Max=(X=527.742 Y=2046.566 Z=338.127) RuntimeGrid:None EditorOnly:false RuntimeOnly:false HLODRelevant:false ListedInSceneOutliner:true IsMainWorldOnly:false
 |   |   |- Guid:2BDF32D04140D83090159FB8FAF598E7 NativeClass:/Script/Engine.DirectionalLight Name:DirectionalLight_UAID_BCFCE71334B6FFA902_1779204841 Label:DirectionalLight SpatiallyLoaded:false EditorBounds:IsValid=false, Min=(X=0.000 Y=0.000 Z=0.000), Max=(X=0.000 Y=0.000 Z=0.000) RuntimeBounds:IsValid=false, Min=(X=0.000 Y=0.000 Z=0.000), Max=(X=0.000 Y=0.000 Z=0.000) RuntimeGrid:None EditorOnly:false RuntimeOnly:false HLODRelevant:false ListedInSceneOutliner:true IsMainWorldOnly:false
 |   |   |- Guid:2DF0D95440BE0EDA81652F860DC7268E NativeClass:/Script/Engine.WorldDataLayers Name:WorldDataLayers Label:WorldDataLayers SpatiallyLoaded:false EditorBounds:IsValid=true, Min=(X=0.000 Y=0.000 Z=0.000), Max=(X=0.000 Y=0.000 Z=0.000) RuntimeBounds:IsValid=true, Min=(X=0.000 Y=0.000 Z=0.000), Max=(X=0.000 Y=0.000 Z=0.000) RuntimeGrid:None EditorOnly:false RuntimeOnly:false HLODRelevant:false ListedInSceneOutliner:true IsMainWorldOnly:true
 |   |   |- Guid:6252C7D64ACF162A73EE65B11FE214D1 NativeClass:/Script/Engine.SkyAtmosphere Name:SkyAtmosphere_1 Label:SkyAtmosphere SpatiallyLoaded:false EditorBounds:IsValid=true, Min=(X=0.000 Y=0.000 Z=1020.000), Max=(X=0.000 Y=0.000 Z=1020.000) RuntimeBounds:IsValid=true, Min=(X=0.000 Y=0.000 Z=1020.000), Max=(X=0.000 Y=0.000 Z=1020.000) RuntimeGrid:None EditorOnly:false RuntimeOnly:false HLODRelevant:false ListedInSceneOutliner:true IsMainWorldOnly:false FolderPath:Lighting FolderGuid:4C9334684BA61B42C769F799D2576455
 |   |   |- Guid:66BCBF874D2A22ADC6523B95EE812CA3 NativeClass:/Script/Engine.StaticMeshActor Name:StaticMeshActor_UAID_A4AE111137DC5CFB00_1660657071 Label:SM_SkySphere SpatiallyLoaded:false EditorBounds:IsValid=true, Min=(X=-1638400.000 Y=-1634303.350 Z=-1634303.750), Max=(X=1638400.000 Y=1634304.650 Z=1634304.250) RuntimeBounds:IsValid=true, Min=(X=-1638400.000 Y=-1634303.350 Z=-1634303.750), Max=(X=1638400.000 Y=1634304.650 Z=1634304.250) RuntimeGrid:None EditorOnly:false RuntimeOnly:false HLODRelevant:false ListedInSceneOutliner:true IsMainWorldOnly:false FolderPath:Lighting FolderGuid:4C9334684BA61B42C769F799D2576455
 |   |   |- Guid:679AE5224FC73C8F4B7E78A747504AD4 BaseClass:/Game/TopDown/Blueprints/BP_KeyItem.BP_KeyItem_C NativeClass:/Script/Engine.Actor Name:BP_KeyItem_C_UAID_BCFCE71334B603AA02_1100111548 Label:BP_KeyItem SpatiallyLoaded:true EditorBounds:IsValid=true, Min=(X=221.000 Y=-281.000 Z=91.000), Max=(X=285.000 Y=-217.000 Z=155.000) RuntimeBounds:IsValid=true, Min=(X=221.000 Y=-281.000 Z=91.000), Max=(X=285.000 Y=-217.000 Z=155.000) RuntimeGrid:None EditorOnly:false RuntimeOnly:false HLODRelevant:false ListedInSceneOutliner:true IsMainWorldOnly:false
 |   |   |- Guid:77F893B3468595EE782136AD620D7EF4 NativeClass:/Script/Engine.VolumetricCloud Name:VolumetricCloud_0 Label:VolumetricCloud SpatiallyLoaded:false EditorBounds:IsValid=true, Min=(X=0.000 Y=0.000 Z=820.000), Max=(X=0.000 Y=0.000 Z=820.000) RuntimeBounds:IsValid=true, Min=(X=0.000 Y=0.000 Z=820.000), Max=(X=0.000 Y=0.000 Z=820.000) RuntimeGrid:None EditorOnly:false RuntimeOnly:false HLODRelevant:false ListedInSceneOutliner:true IsMainWorldOnly:false FolderPath:Lighting FolderGuid:4C9334684BA61B42C769F799D2576455
 |   |   |- Guid:B269ED434427B5DB388EF3A8501BED25 BaseClass:/Game/TopDown/Blueprints/BP_EnemySpawner.BP_EnemySpawner_C NativeClass:/Script/Engine.Actor Name:BP_EnemySpawner_C_UAID_BCFCE71334B6FDA902_1801017488 Label:BP_EnemySpawner2 SpatiallyLoaded:true EditorBounds:IsValid=true, Min=(X=415.000 Y=3151.000 Z=137.000), Max=(X=415.000 Y=3151.000 Z=137.000) RuntimeBounds:IsValid=true, Min=(X=415.000 Y=3151.000 Z=137.000), Max=(X=415.000 Y=3151.000 Z=137.000) RuntimeGrid:None EditorOnly:false RuntimeOnly:false HLODRelevant:false ListedInSceneOutliner:true IsMainWorldOnly:false
 |   |   |- Guid:B5243A89449B1D990E925D85677F550E BaseClass:/MazeGenerator/ZombieMaze.ZombieMaze_C NativeClass:/Script/MazeGenerator.Maze Name:ZombieMaze_C_UAID_BCFCE71334B6C1A902_1316162928 Label:ZombieMaze SpatiallyLoaded:true EditorBounds:IsValid=true, Min=(X=-394.000 Y=-558.500 Z=-43.029), Max=(X=4356.000 Y=4391.500 Z=243.029) RuntimeBounds:IsValid=true, Min=(X=-394.000 Y=-558.500 Z=-43.029), Max=(X=4356.000 Y=4391.500 Z=243.029) RuntimeGrid:None EditorOnly:false RuntimeOnly:false HLODRelevant:false ListedInSceneOutliner:true IsMainWorldOnly:false
 |   |   |- Guid:D24D61B944EF71BE7BC469B7EB239299 NativeClass:/Script/Engine.ExponentialHeightFog Name:ExponentialHeightFog_1 Label:ExponentialHeightFog SpatiallyLoaded:false EditorBounds:IsValid=true, Min=(X=-5600.000 Y=-50.000 Z=-6850.000), Max=(X=-5600.000 Y=-50.000 Z=-6850.000) RuntimeBounds:IsValid=true, Min=(X=-5600.000 Y=-50.000 Z=-6850.000), Max=(X=-5600.000 Y=-50.000 Z=-6850.000) RuntimeGrid:None EditorOnly:false RuntimeOnly:false HLODRelevant:false ListedInSceneOutliner:true IsMainWorldOnly:false FolderPath:Lighting FolderGuid:4C9334684BA61B42C769F799D2576455
 |   |   |- Guid:ED6DABF046D57813D674C3B16EC9BDED BaseClass:/Game/TopDown/Blueprints/BP_EnemySpawner.BP_EnemySpawner_C NativeClass:/Script/Engine.Actor Name:BP_EnemySpawner_C_UAID_BCFCE71334B6FFA902_1967887842 Label:BP_EnemySpawner3 SpatiallyLoaded:true EditorBounds:IsValid=true, Min=(X=3513.000 Y=3787.000 Z=243.000), Max=(X=3513.000 Y=3787.000 Z=243.000) RuntimeBounds:IsValid=true, Min=(X=3513.000 Y=3787.000 Z=243.000), Max=(X=3513.000 Y=3787.000 Z=243.000) RuntimeGrid:None EditorOnly:false RuntimeOnly:false HLODRelevant:false ListedInSceneOutliner:true IsMainWorldOnly:false
 |   |   |- Guid:F33CC5014C49925B3A9D52A063AF483F NativeClass:/Script/Engine.PlayerStart Name:PlayerStart_0 Label:PlayerStart SpatiallyLoaded:false EditorBounds:IsValid=true, Min=(X=-83.000 Y=-342.000 Z=85.013), Max=(X=285.000 Y=-86.000 Z=341.013) RuntimeBounds:IsValid=true, Min=(X=5.000 Y=-254.000 Z=121.013), Max=(X=85.000 Y=-174.000 Z=305.013) RuntimeGrid:None EditorOnly:false RuntimeOnly:false HLODRelevant:false ListedInSceneOutliner:true IsMainWorldOnly:false
 |   |- [+] Clusters:
 |   |   |- [+] [  0]
 |   |   |   |- Guid:0101778944D33459E45CDA84833D0C8E NativeClass:/Script/NavigationSystem.NavMeshBoundsVolume Name:NavMeshBoundsVolume_UAID_BCFCE71334B6C2A902_1659432107 Label:NavMeshBoundsVolume SpatiallyLoaded:false EditorBounds:IsValid=true, Min=(X=-199.000 Y=-777.000 Z=-106.755), Max=(X=4301.000 Y=4973.000 Z=268.755) RuntimeBounds:IsValid=true, Min=(X=-199.000 Y=-777.000 Z=-106.755), Max=(X=4301.000 Y=4973.000 Z=268.755) RuntimeGrid:None EditorOnly:false RuntimeOnly:false HLODRelevant:false ListedInSceneOutliner:true IsMainWorldOnly:false
 |   |   |- [+] [  1]
 |   |   |   |- Guid:1742DF43475F097453197AA79C7473D9 NativeClass:/Script/Engine.SkyLight Name:SkyLight_1 Label:SkyLight SpatiallyLoaded:false EditorBounds:IsValid=true, Min=(X=0.000 Y=0.000 Z=690.000), Max=(X=0.000 Y=0.000 Z=690.000) RuntimeBounds:IsValid=true, Min=(X=0.000 Y=0.000 Z=690.000), Max=(X=0.000 Y=0.000 Z=690.000) RuntimeGrid:None EditorOnly:false RuntimeOnly:false HLODRelevant:false ListedInSceneOutliner:true IsMainWorldOnly:false FolderPath:Lighting FolderGuid:4C9334684BA61B42C769F799D2576455
 |   |   |- [+] [  2]
 |   |   |   |- Guid:1F33422345DD9E8B2AE9D7B698129AB2 BaseClass:/Game/TopDown/Blueprints/BP_EnemySpawner.BP_EnemySpawner_C NativeClass:/Script/Engine.Actor Name:BP_EnemySpawner_C_UAID_BCFCE71334B6FDA902_1472023487 Label:BP_EnemySpawner SpatiallyLoaded:true EditorBounds:IsValid=true, Min=(X=3478.000 Y=1276.000 Z=137.000), Max=(X=3478.000 Y=1276.000 Z=137.000) RuntimeBounds:IsValid=true, Min=(X=3478.000 Y=1276.000 Z=137.000), Max=(X=3478.000 Y=1276.000 Z=137.000) RuntimeGrid:None EditorOnly:false RuntimeOnly:false HLODRelevant:false ListedInSceneOutliner:true IsMainWorldOnly:false
 |   |   |- [+] [  3]
 |   |   |   |- Guid:1FEC8FAC495CEF0CE32492ADCBB96BAE NativeClass:/Script/AIModule.NavLinkProxy Name:NavLinkProxy_3 Label:NavLinkProxy3 SpatiallyLoaded:true EditorBounds:IsValid=true, Min=(X=2240.000 Y=1030.000 Z=90.000), Max=(X=2240.000 Y=1030.000 Z=90.000) RuntimeBounds:IsValid=true, Min=(X=2240.000 Y=1030.000 Z=90.000), Max=(X=2240.000 Y=1030.000 Z=90.000) RuntimeGrid:None EditorOnly:false RuntimeOnly:false HLODRelevant:false ListedInSceneOutliner:true IsMainWorldOnly:false FolderPath:Navigation FolderGuid:AE45D61F453CC144CF8289862C276E89
 |   |   |- [+] [  4]
 |   |   |   |- Guid:22153AA1468220F2C2A131A37D65BA9E BaseClass:/Game/TopDown/Blueprints/BP_Zombie.BP_Zombie_C NativeClass:/Script/Engine.Character Name:BP_Zombie_C_UAID_BCFCE71334B6B8A902_1839090343 Label:BP_Zombie SpatiallyLoaded:true EditorBounds:IsValid=true, Min=(X=439.039 Y=1917.058 Z=162.127), Max=(X=713.039 Y=2077.058 Z=338.127) RuntimeBounds:IsValid=true, Min=(X=439.039 Y=1942.780 Z=162.127), Max=(X=527.742 Y=2046.566 Z=338.127) RuntimeGrid:None EditorOnly:false RuntimeOnly:false HLODRelevant:false ListedInSceneOutliner:true IsMainWorldOnly:false
 |   |   |- [+] [  5]
 |   |   |   |- Guid:2BDF32D04140D83090159FB8FAF598E7 NativeClass:/Script/Engine.DirectionalLight Name:DirectionalLight_UAID_BCFCE71334B6FFA902_1779204841 Label:DirectionalLight SpatiallyLoaded:false EditorBounds:IsValid=false, Min=(X=0.000 Y=0.000 Z=0.000), Max=(X=0.000 Y=0.000 Z=0.000) RuntimeBounds:IsValid=false, Min=(X=0.000 Y=0.000 Z=0.000), Max=(X=0.000 Y=0.000 Z=0.000) RuntimeGrid:None EditorOnly:false RuntimeOnly:false HLODRelevant:false ListedInSceneOutliner:true IsMainWorldOnly:false
 |   |   |- [+] [  6]
 |   |   |   |- Guid:2DF0D95440BE0EDA81652F860DC7268E NativeClass:/Script/Engine.WorldDataLayers Name:WorldDataLayers Label:WorldDataLayers SpatiallyLoaded:false EditorBounds:IsValid=true, Min=(X=0.000 Y=0.000 Z=0.000), Max=(X=0.000 Y=0.000 Z=0.000) RuntimeBounds:IsValid=true, Min=(X=0.000 Y=0.000 Z=0.000), Max=(X=0.000 Y=0.000 Z=0.000) RuntimeGrid:None EditorOnly:false RuntimeOnly:false HLODRelevant:false ListedInSceneOutliner:true IsMainWorldOnly:true
 |   |   |- [+] [  7]
 |   |   |   |- Guid:6252C7D64ACF162A73EE65B11FE214D1 NativeClass:/Script/Engine.SkyAtmosphere Name:SkyAtmosphere_1 Label:SkyAtmosphere SpatiallyLoaded:false EditorBounds:IsValid=true, Min=(X=0.000 Y=0.000 Z=1020.000), Max=(X=0.000 Y=0.000 Z=1020.000) RuntimeBounds:IsValid=true, Min=(X=0.000 Y=0.000 Z=1020.000), Max=(X=0.000 Y=0.000 Z=1020.000) RuntimeGrid:None EditorOnly:false RuntimeOnly:false HLODRelevant:false ListedInSceneOutliner:true IsMainWorldOnly:false FolderPath:Lighting FolderGuid:4C9334684BA61B42C769F799D2576455
 |   |   |- [+] [  8]
 |   |   |   |- Guid:66BCBF874D2A22ADC6523B95EE812CA3 NativeClass:/Script/Engine.StaticMeshActor Name:StaticMeshActor_UAID_A4AE111137DC5CFB00_1660657071 Label:SM_SkySphere SpatiallyLoaded:false EditorBounds:IsValid=true, Min=(X=-1638400.000 Y=-1634303.350 Z=-1634303.750), Max=(X=1638400.000 Y=1634304.650 Z=1634304.250) RuntimeBounds:IsValid=true, Min=(X=-1638400.000 Y=-1634303.350 Z=-1634303.750), Max=(X=1638400.000 Y=1634304.650 Z=1634304.250) RuntimeGrid:None EditorOnly:false RuntimeOnly:false HLODRelevant:false ListedInSceneOutliner:true IsMainWorldOnly:false FolderPath:Lighting FolderGuid:4C9334684BA61B42C769F799D2576455
 |   |   |- [+] [  9]
 |   |   |   |- Guid:679AE5224FC73C8F4B7E78A747504AD4 BaseClass:/Game/TopDown/Blueprints/BP_KeyItem.BP_KeyItem_C NativeClass:/Script/Engine.Actor Name:BP_KeyItem_C_UAID_BCFCE71334B603AA02_1100111548 Label:BP_KeyItem SpatiallyLoaded:true EditorBounds:IsValid=true, Min=(X=221.000 Y=-281.000 Z=91.000), Max=(X=285.000 Y=-217.000 Z=155.000) RuntimeBounds:IsValid=true, Min=(X=221.000 Y=-281.000 Z=91.000), Max=(X=285.000 Y=-217.000 Z=155.000) RuntimeGrid:None EditorOnly:false RuntimeOnly:false HLODRelevant:false ListedInSceneOutliner:true IsMainWorldOnly:false
 |   |   |- [+] [ 10]
 |   |   |   |- Guid:77F893B3468595EE782136AD620D7EF4 NativeClass:/Script/Engine.VolumetricCloud Name:VolumetricCloud_0 Label:VolumetricCloud SpatiallyLoaded:false EditorBounds:IsValid=true, Min=(X=0.000 Y=0.000 Z=820.000), Max=(X=0.000 Y=0.000 Z=820.000) RuntimeBounds:IsValid=true, Min=(X=0.000 Y=0.000 Z=820.000), Max=(X=0.000 Y=0.000 Z=820.000) RuntimeGrid:None EditorOnly:false RuntimeOnly:false HLODRelevant:false ListedInSceneOutliner:true IsMainWorldOnly:false FolderPath:Lighting FolderGuid:4C9334684BA61B42C769F799D2576455
 |   |   |- [+] [ 11]
 |   |   |   |- Guid:B269ED434427B5DB388EF3A8501BED25 BaseClass:/Game/TopDown/Blueprints/BP_EnemySpawner.BP_EnemySpawner_C NativeClass:/Script/Engine.Actor Name:BP_EnemySpawner_C_UAID_BCFCE71334B6FDA902_1801017488 Label:BP_EnemySpawner2 SpatiallyLoaded:true EditorBounds:IsValid=true, Min=(X=415.000 Y=3151.000 Z=137.000), Max=(X=415.000 Y=3151.000 Z=137.000) RuntimeBounds:IsValid=true, Min=(X=415.000 Y=3151.000 Z=137.000), Max=(X=415.000 Y=3151.000 Z=137.000) RuntimeGrid:None EditorOnly:false RuntimeOnly:false HLODRelevant:false ListedInSceneOutliner:true IsMainWorldOnly:false
 |   |   |- [+] [ 12]
 |   |   |   |- Guid:B5243A89449B1D990E925D85677F550E BaseClass:/MazeGenerator/ZombieMaze.ZombieMaze_C NativeClass:/Script/MazeGenerator.Maze Name:ZombieMaze_C_UAID_BCFCE71334B6C1A902_1316162928 Label:ZombieMaze SpatiallyLoaded:true EditorBounds:IsValid=true, Min=(X=-394.000 Y=-558.500 Z=-43.029), Max=(X=4356.000 Y=4391.500 Z=243.029) RuntimeBounds:IsValid=true, Min=(X=-394.000 Y=-558.500 Z=-43.029), Max=(X=4356.000 Y=4391.500 Z=243.029) RuntimeGrid:None EditorOnly:false RuntimeOnly:false HLODRelevant:false ListedInSceneOutliner:true IsMainWorldOnly:false
 |   |   |- [+] [ 13]
 |   |   |   |- Guid:D24D61B944EF71BE7BC469B7EB239299 NativeClass:/Script/Engine.ExponentialHeightFog Name:ExponentialHeightFog_1 Label:ExponentialHeightFog SpatiallyLoaded:false EditorBounds:IsValid=true, Min=(X=-5600.000 Y=-50.000 Z=-6850.000), Max=(X=-5600.000 Y=-50.000 Z=-6850.000) RuntimeBounds:IsValid=true, Min=(X=-5600.000 Y=-50.000 Z=-6850.000), Max=(X=-5600.000 Y=-50.000 Z=-6850.000) RuntimeGrid:None EditorOnly:false RuntimeOnly:false HLODRelevant:false ListedInSceneOutliner:true IsMainWorldOnly:false FolderPath:Lighting FolderGuid:4C9334684BA61B42C769F799D2576455
 |   |   |- [+] [ 14]
 |   |   |   |- Guid:ED6DABF046D57813D674C3B16EC9BDED BaseClass:/Game/TopDown/Blueprints/BP_EnemySpawner.BP_EnemySpawner_C NativeClass:/Script/Engine.Actor Name:BP_EnemySpawner_C_UAID_BCFCE71334B6FFA902_1967887842 Label:BP_EnemySpawner3 SpatiallyLoaded:true EditorBounds:IsValid=true, Min=(X=3513.000 Y=3787.000 Z=243.000), Max=(X=3513.000 Y=3787.000 Z=243.000) RuntimeBounds:IsValid=true, Min=(X=3513.000 Y=3787.000 Z=243.000), Max=(X=3513.000 Y=3787.000 Z=243.000) RuntimeGrid:None EditorOnly:false RuntimeOnly:false HLODRelevant:false ListedInSceneOutliner:true IsMainWorldOnly:false
 |   |   |- [+] [ 15]
 |   |   |   |- Guid:F33CC5014C49925B3A9D52A063AF483F NativeClass:/Script/Engine.PlayerStart Name:PlayerStart_0 Label:PlayerStart SpatiallyLoaded:false EditorBounds:IsValid=true, Min=(X=-83.000 Y=-342.000 Z=85.013), Max=(X=285.000 Y=-86.000 Z=341.013) RuntimeBounds:IsValid=true, Min=(X=5.000 Y=-254.000 Z=121.013), Max=(X=85.000 Y=-174.000 Z=305.013) RuntimeGrid:None EditorOnly:false RuntimeOnly:false HLODRelevant:false ListedInSceneOutliner:true IsMainWorldOnly:false
 |- ContainerInstances:
 |- [+] MainContainer:
 |   |-        ID: 00000000000000000000000000000000
 |   |-  ParentID: 00000000000000000000000000000000
 |   |-    Bounds: IsValid=false, Min=(X=0.000 Y=0.000 Z=0.000), Max=(X=0.000 Y=0.000 Z=0.000)
 |   |- Transform: 0.000000,0.000000,0.000000|0.000000,0.000000,-0.000000|1.000000,1.000000,1.000000
 |   |- Container: /Game/TopDown/Maps/TopDownMap
----------------------------------------------------------------------------------------------------------------
TopDownMap - Persistent Level
----------------------------------------------------------------------------------------------------------------
[+] Content of TopDownMap Persistent Level
 |- Always loaded Actor Count: 16 
 |- Actor Path: /Game/TopDown/Maps/TopDownMap.TopDownMap:PersistentLevel.BP_EnemySpawner_C_UAID_BCFCE71334B6FDA902_1472023487
 |- Actor Package: /Game/__ExternalActors__/TopDown/Maps/TopDownMap/0/AF/4H994X3A2JX3XANA5DOXKU
 |- Actor Path: /Game/TopDown/Maps/TopDownMap.TopDownMap:PersistentLevel.BP_EnemySpawner_C_UAID_BCFCE71334B6FDA902_1801017488
 |- Actor Package: /Game/__ExternalActors__/TopDown/Maps/TopDownMap/0/5J/1YFV4QJ9DXVE81ZJHAXUKP
 |- Actor Path: /Game/TopDown/Maps/TopDownMap.TopDownMap:PersistentLevel.BP_EnemySpawner_C_UAID_BCFCE71334B6FFA902_1967887842
 |- Actor Package: /Game/__ExternalActors__/TopDown/Maps/TopDownMap/A/XH/ZOYB56VNM20RKVXNBZUJII
 |- Actor Path: /Game/TopDown/Maps/TopDownMap.TopDownMap:PersistentLevel.BP_KeyItem_C_UAID_BCFCE71334B603AA02_1100111548
 |- Actor Package: /Game/__ExternalActors__/TopDown/Maps/TopDownMap/4/7J/ALMAIA3513ZJ50BBHG2V9C
 |- Actor Path: /Game/TopDown/Maps/TopDownMap.TopDownMap:PersistentLevel.BP_Zombie_C_UAID_BCFCE71334B6B8A902_1839090343
 |- Actor Package: /Game/__ExternalActors__/TopDown/Maps/TopDownMap/7/NC/ZU9D0992DPRK4MMRDMHF29
 |- Actor Path: /Game/TopDown/Maps/TopDownMap.TopDownMap:PersistentLevel.DirectionalLight_UAID_BCFCE71334B6FFA902_1779204841
 |- Actor Package: /Game/__ExternalActors__/TopDown/Maps/TopDownMap/2/ST/HLKSYK3HSI3QKHBYS38B0T
 |- Actor Path: /Game/TopDown/Maps/TopDownMap.TopDownMap:PersistentLevel.ExponentialHeightFog_1
 |- Actor Package: /Game/__ExternalActors__/TopDown/Maps/TopDownMap/6/BO/BYV4KSLUROOOL33DU1XUWQ
 |- Actor Path: /Game/TopDown/Maps/TopDownMap.TopDownMap:PersistentLevel.NavLinkProxy_3
 |- Actor Package: /Game/__ExternalActors__/TopDown/Maps/TopDownMap/5/UT/JRUWL9PVCAH3XSUMXP4CC1
 |- Actor Path: /Game/TopDown/Maps/TopDownMap.TopDownMap:PersistentLevel.NavMeshBoundsVolume_UAID_BCFCE71334B6C2A902_1659432107
 |- Actor Package: /Game/__ExternalActors__/TopDown/Maps/TopDownMap/5/IH/YLN0U2AA5KWVJFSLEHZ39Z
 |- Actor Path: /Game/TopDown/Maps/TopDownMap.TopDownMap:PersistentLevel.PlayerStart_0
 |- Actor Package: /Game/__ExternalActors__/TopDown/Maps/TopDownMap/6/OI/H4CYGWRMJ49ZI6AS2GNGQY
 |- Actor Path: /Game/TopDown/Maps/TopDownMap.TopDownMap:PersistentLevel.SkyAtmosphere_1
 |- Actor Package: /Game/__ExternalActors__/TopDown/Maps/TopDownMap/5/YN/TCNGOWDVRBFBJ5YZR7VI7S
 |- Actor Path: /Game/TopDown/Maps/TopDownMap.TopDownMap:PersistentLevel.SkyLight_1
 |- Actor Package: /Game/__ExternalActors__/TopDown/Maps/TopDownMap/E/LR/47NTFRDFK6M7265A1UYTOW
 |- Actor Path: /Game/TopDown/Maps/TopDownMap.TopDownMap:PersistentLevel.StaticMeshActor_UAID_A4AE111137DC5CFB00_1660657071
 |- Actor Package: /Game/__ExternalActors__/TopDown/Maps/TopDownMap/C/MV/UE2U7GTDT7WM2AVP83861S
 |- Actor Path: /Game/TopDown/Maps/TopDownMap.TopDownMap:PersistentLevel.VolumetricCloud_0
 |- Actor Package: /Game/__ExternalActors__/TopDown/Maps/TopDownMap/6/GY/HOVAYB977GD5L9YGZ5S1T6
 |- Actor Path: /Game/TopDown/Maps/TopDownMap.TopDownMap:PersistentLevel.WorldDataLayers
 |- Actor Package: /Game/__ExternalActors__/TopDown/Maps/TopDownMap/A/RN/FHX05LPSBNMAJG3SW97PS7
 |- Actor Path: /Game/TopDown/Maps/TopDownMap.TopDownMap:PersistentLevel.ZombieMaze_C_UAID_BCFCE71334B6C1A902_1316162928
 |- Actor Package: /Game/__ExternalActors__/TopDown/Maps/TopDownMap/2/MK/K4RAXHWI281Y98BT3U26AH

----------------------------------------------------------------------------------------------------------------
TopDownMap - Runtime Hash Set
----------------------------------------------------------------------------------------------------------------

